============================================================
NCTB বাংলা সাহিত্য OCR Extraction
============================================================

→ গদ্য 1: প্রতুপকার  (PDF pages 6–10)
   page 6... ✓
   page 7... ✓
   page 8... ✓
   page 9... ✓
   page 10... ✓
   Saved 5 chunks

→ গদ্য 2: ফুলের বিবাহ  (PDF pages 11–15)
   page 11... ✓
   page 12... ✓
   page 13... ✓
   page 14... ✓
   page 15... ✓
   Saved 4 chunks

→ গদ্য 3: সুভা  (PDF pages 16–22)
   page 16... ✓
   page 17... ✓
   page 18... ✓
   page 19... ✓
   page 20... ✓
   page 21... ✓
   page 22... ✓
   Saved 7 chunks

→ গদ্য 4: লাইব্রেরি  (PDF pages 23–25)
   page 23... ✓
   page 24... ✓
   page 25... ✓
   Saved 3 chunks

→ গদ্য 5: বই পড়া  (PDF pages 26–31)
   page 26... ✓
   page 27... ✓
   page 28... ✓
   page 29... ✓
   page 30... ✓
   page 31... ✓
   Saved 7 chunks

→ গদ্য 6: অভাগীর স্বর্গ  (PDF pages 32–41)
   page 32... ✓
   page 33... ✓
   page 34... ✓
   page 35... ✓
   page 36... ✓
   page 37... ✓
   page 38... ✓
   page 39... ✓
   page 40... ✓
   page 41... ✓
   Saved 10 chunks

→ গদ্য 7: নিরীহ বাঙালি  (PDF pages 42–46)
   page 42... ✓
   page 43... ✓
   page 44... ✓
   page 45... ✓
   page 46... ✓
   Saved 4 chunks

→ গদ্য 8: পল্লীসাহিত্য  (PDF pages 47–53)
   page 47... ✓
   page 48... ✓
   page 49... ✓
   page 50... ✓
   page 51... ✓
   page 52... ✓
   page 53... ✓
   Saved 6 chunks

→ গদ্য 9: উদ্যম ও পরিশ্রম  (PDF pages 54–59)
   page 54... ✓
   page 55... ✓
   page 56... ✓
   page 57... ✓
   page 58... ✓
   page 59... ✓
   Saved 6 chunks

→ গদ্য 10: জীবনে শিল্পের স্থান  (PDF pages 60–62)
   page 60... ✓
   page 61... ✓
   page 62... ✓
   Saved 3 chunks

→ গদ্য 11: আম-আঁটির ভেঁপু  (PDF pages 63–70)
   page 63... ✓
   page 64... ✓
   page 65... ✓
   page 66... ✓
   page 67... ✓
   page 68... ✓
   page 69... ✓
   page 70... ✓
   Saved 7 chunks

→ গদ্য 12: মানুষ মুহম্মদ (স.)  (PDF pages 71–77)
   page 71... ✓
   page 72... ✓
   page 73... ✓
   page 74... ✓
   page 75... ✓
   page 76... ✓
   page 77... ✓
   Saved 7 chunks

→ গদ্য 13: উপেক্ষিত শক্তির উদ্বোধন  (PDF pages 78–81)
   page 78... ✓
   page 79... ✓
   page 80... ✓
   page 81... ✓
   Saved 4 chunks

→ গদ্য 14: নিমগাছ  (PDF pages 82–84)
   page 82... ✓
   page 83... ✓
   page 84... ✓
   Saved 3 chunks

→ গদ্য 15: শিক্ষা ও মনুষ্যত্ব  (PDF pages 85–88)
   page 85... ✓
   page 86... ✓
   page 87... ✓
   page 88... ✓
   Saved 4 chunks

→ গদ্য 16: প্রবাস বন্ধু  (PDF pages 89–96)
   page 89... ✓
   page 90... ✓
   page 91... ✓
   page 92... ✓
   page 93... ✓
   page 94... ✓
   page 95... ✓
   page 96... ✓
   Saved 7 chunks

→ গদ্য 17: মমতাদি  (PDF pages 97–104)
   page 97... ✓
   page 98... ✓
   page 99... ✓
   page 100... ✓
   page 101... ✓
   page 102... ✓
   page 103... ✓
   page 104... ✓
   Saved 8 chunks

→ গদ্য 18: বনমানুষ  (PDF pages 105–111)
   page 105... ✓
   page 106... ✓
   page 107... ✓
   page 108... ✓
   page 109... ✓
   page 110... ✓
   page 111... ✓
   Saved 6 chunks

→ গদ্য 19: একাত্তরের দিনগুলি  (PDF pages 112–118)
   page 112... ✓
   page 113... ✓
   page 114... ✓
   page 115... ✓
   page 116... ✓
   page 117... ✓
   page 118... ✓
   Saved 7 chunks

→ গদ্য 20: স্বাধীনতা আমার স্বাধীনতা  (PDF pages 119–128)
   page 119... ✓
   page 120... ✓
   page 121... ✓
   page 122... ✓
   page 123... ✓
   page 124... ✓
   page 125... ✓
   page 126... ✓
   page 127... ✓
   page 128... ✓
   Saved 8 chunks

→ গদ্য 21: একুশের গল্প  (PDF pages 129–135)
   page 129... ✓
   page 130... ✓
   page 131... ✓
   page 132... ✓
   page 133... ✓
   page 134... ✓
   page 135... ✓
   Saved 7 chunks

→ গদ্য 22: আমাদের সংস্কৃতি  (PDF pages 136–140)
   page 136... ✓
   page 137... ✓
   page 138... ✓
   page 139... ✓
   page 140... ✓
   Saved 4 chunks

→ গদ্য 23: সাহিত্যের রূপ ও রীতি  (PDF pages 141–148)
   page 141... ✓
   page 142... ✓
   page 143... ✓
   page 144... ✓
   page 145... ✓
   page 146... ✓
   page 147... ✓
   page 148... ✓
   Saved 7 chunks

→ গদ্য 24: বাংলা শব্দ  (PDF pages 149–152)
   page 149... ✓
   page 150... ✓
   page 151... ✓
   page 152... ✓
   Saved 3 chunks

→ গদ্য 25: আমাদের নতুন গৌরবগাথা  (PDF pages 153–159)
   page 153... ✓
   page 154... ✓
   page 155... ✓
   page 156... ✓
   page 157... ✓
   page 158... ✓
   page 159... ✓
   Saved 5 chunks

→ কবিতা 26: বন্দনা  (PDF pages 160–162)
   page 160... ✓
   page 161... ✓
   page 162... ✓
   Saved 2 chunks

→ কবিতা 27: হামদ্  (PDF pages 163–165)
   page 163... ✓
   page 164... ✓
   page 165... ✓
   Saved 2 chunks

→ কবিতা 28: বঙ্গবাণী  (PDF pages 166–168)
   page 166... ✓
   page 167... ✓
   page 168... ✓
   Saved 3 chunks

→ কবিতা 29: কপোতাক্ষ নদ  (PDF pages 169–171)
   page 169... ✓
   page 170... ✓
   page 171... ✓
   Saved 2 chunks

→ কবিতা 30: জীবন-সঙ্গীত  (PDF pages 172–175)
   page 172... ✓
   page 173... ✓
   page 174... ✓
   page 175... ✓
   Saved 2 chunks

→ কবিতা 31: প্রাণ  (PDF pages 176–178)
   page 176... ✓
   page 177... ✓
   page 178... ✓
   Saved 2 chunks

→ কবিতা 32: জুতা-আবিষ্কার  (PDF pages 179–186)
   page 179... ✓
   page 180... ✓
   page 181... ✓
   page 182... ✓
   page 183... ✓
   page 184... ✓
   page 185... ✓
   page 186... ✓
   Saved 5 chunks

→ কবিতা 33: ঝরনার গান  (PDF pages 187–190)
   page 187... ✓
   page 188... ✓
   page 189... ✓
   page 190... ✓
   Saved 2 chunks

→ কবিতা 34: ছায়াবাজি  (PDF pages 191–193)
   page 191... ✓
   page 192... ✓
   page 193... ✓
   Saved 3 chunks

→ কবিতা 35: জীবন বিনিময়  (PDF pages 194–197)
   page 194... ✓
   page 195... ✓
   page 196... ✓
   page 197... ✓
   Saved 3 chunks

→ কবিতা 36: মানুষ  (PDF pages 198–200)
   page 198... ✓
   page 199... ✓
   page 200... ✓
   Saved 3 chunks

→ কবিতা 37: উমর ফারুক  (PDF pages 201–206)
   page 201... ✓
   page 202... ✓
   page 203... ✓
   page 204... ✓
   page 205... ✓
   page 206... ✓
   Saved 4 chunks

→ কবিতা 38: সেইদিন এই মাঠ  (PDF pages 207–209)
   page 207... ✓
   page 208... ✓
   page 209... ✓
   Saved 2 chunks

→ কবিতা 39: যাব আমি তোমার দেশে  (PDF pages 210–214)
   page 210... ✓
   page 211... ✓
   page 212... ✓
   page 213... ✓
   page 214... ✓
   Saved 3 chunks

→ কবিতা 40: একটি কবিতা  (PDF pages 215–217)
   page 215... ✓
   page 216... ✓
   page 217... ✓
   Saved 2 chunks

→ কবিতা 41: আমার দেশ  (PDF pages 218–221)
   page 218... ✓
   page 219... ✓
   page 220... ✓
   page 221... ✓
   Saved 2 chunks

→ কবিতা 42: আমি কোনো আগন্তুক নই  (PDF pages 222–225)
   page 222... ✓
   page 223... ✓
   page 224... ✓
   page 225... ✓
   Saved 3 chunks

→ কবিতা 43: বৃষ্টি  (PDF pages 226–228)
   page 226... ✓
   page 227... ✓
   page 228... ✓
   Saved 2 chunks

→ কবিতা 44: মে-দিনের কবিতা  (PDF pages 229–232)
   page 229... ✓
   page 230... ✓
   page 231... ✓
   page 232... ✓
   Saved 2 chunks

→ কবিতা 45: আশা  (PDF pages 233–235)
   page 233... ✓
   page 234... ✓
   page 235... ✓
   Saved 2 chunks

→ কবিতা 46: পোস্টার  (PDF pages 236–237)
   page 236... ✓
   page 237... ✓
   Saved 2 chunks

→ কবিতা 47: রানার  (PDF pages 238–241)
   page 238... ✓
   page 239... ✓
   page 240... ✓
   page 241... ✓
   Saved 3 chunks

→ কবিতা 48: তোমাকে পাওয়ার জন্যে, হে স্বাধীনতা  (PDF pages 242–245)
   page 242... ✓
   page 243... ✓
   page 244... ✓
   page 245... ✓
   Saved 3 chunks

→ কবিতা 49: অবাক সূর্যোদয়  (PDF pages 246–249)
   page 246... ✓
   page 247... ✓
   page 248... ✓
   page 249... ✓
   Saved 2 chunks

→ কবিতা 50: বোশেখ  (PDF pages 250–253)
   page 250... ✓
   page 251... ✓
   page 252... ✓
   page 253... ✓
   Saved 3 chunks

→ কবিতা 51: চুনিয়া আমার আর্কেডিয়া  (PDF pages 254–257)
   page 254... ✓
   page 255... ✓
   page 256... ✓
   page 257... ✓
   Saved 3 chunks

→ কবিতা 52: মিছিল  (PDF pages 258–262)
   page 258... ✓
   page 259... ✓
   page 260... ✓
   page 261... ✓
   page 262... ✓
   Saved 2 chunks

============================================================
DONE! Total chunks: 211
Chunks saved in: books/ssc/bangla/chunks/

Next steps:
  1. python rag/embed.py --subjects bangla
  2. Restart app.py
